// Jest Snapshot v1, https://goo.gl/fbAQLP

exports[`Checkbox should render Checkbox 1`] = `
<div
  className="c-checkbox -size-32 -view-flat -color-primary -disabled"
  data-name={undefined}
  onClick={[Function]}
  tabIndex="1"
>
  <div
    className="c-icon -size-32"
    onClick={undefined}
  />
  <div>
    Something
  </div>
</div>
`;
