// Jest Snapshot v1, https://goo.gl/fbAQLP

exports[`Loading should render Loading 1`] = `
<div
  className="c-loading -size-32 -color-primary"
>
  <svg
    preserveAspectRatio="xMidYMid"
    viewBox="0 0 100 100"
  >
    <circle
      cx="50"
      cy="50"
      fill="none"
      r="40"
      stroke="none"
      strokeWidth="10"
    >
      <animate
        attributeName="stroke-dashoffset"
        dur="2s"
        from="0"
        repeatCount="indefinite"
        to="-502"
      />
      <animate
        attributeName="stroke-dasharray"
        dur="2s"
        repeatCount="indefinite"
        values="150.6 100.4;1 250;150.6 100.4"
      />
    </circle>
  </svg>
</div>
`;
