// Jest Snapshot v1, https://goo.gl/fbAQLP

exports[`Progress should render Progress 1`] = `
<div
  className="c-progress -size-4 -color-primary"
>
  <div
    className="c-progress--line"
    style={
      Object {
        "width": "undefined%",
      }
    }
  />
</div>
`;
